{
  "scenario_summaries": [
    {
      "scenario": "S2",
      "gross_stock_assumption": 700000,
      "present_ratio_assumption": 0.85,
      "present_supply": 595000,
      "demand_low": 445000,
      "demand_central": 540000,
      "demand_high": 680000,
      "balance_central": 55000,
      "balance_if_low_demand": 150000,
      "balance_if_high_demand": -85000,
      "status": "conditional_model_not_forecast"
    },
    {
      "scenario": "S5",
      "gross_stock_assumption": 750000,
      "present_ratio_assumption": 0.85,
      "present_supply": 637500,
      "demand_low": 420000,
      "demand_central": 490000,
      "demand_high": 585000,
      "balance_central": 147500,
      "balance_if_low_demand": 217500,
      "balance_if_high_demand": 52500,
      "status": "conditional_model_not_forecast"
    },
    {
      "scenario": "S6_coercive",
      "gross_stock_assumption": 1000000,
      "present_ratio_assumption": 0.8,
      "present_supply": 800000,
      "demand_low": 920000,
      "demand_central": 1115000,
      "demand_high": 1315000,
      "balance_central": -315000,
      "balance_if_low_demand": -120000,
      "balance_if_high_demand": -515000,
      "status": "legacy_audit_only_use_disaggregated_S6"
    }
  ],
  "checks": {
    "oman_gross_sum": 354461,
    "oman_present_printed_sum": 291414,
    "oman_aragon_detail_sum": 43783,
    "oman_present_using_detail": 286414,
    "oman_printed_present_ratio": 0.8221327593162576,
    "oman_detail_present_ratio": 0.8080268351102096,
    "census1797_population": 10541221,
    "oman_gross_per_1000_using1797": 33.62618049654779,
    "oman_gross_per_1000_using11m_assumption": 32.223727272727274,
    "vcreveld_source_status": "author_hypothetical200k_not_observed;tons_unspecified_in_passage;metric_food_is_model_normalization",
    "food_kg_per_person_day_model_assumption": 1.5,
    "vcreveld_food_200k_tonnes_per_day": 300.0,
    "vcreveld_600_miles_20miles_day_roundtrip_days": 60.0,
    "vcreveld_haul_capacity_source_tons_unspecified": 18000.0,
    "vcreveld_haul_capacity_tonnes_metric_normalization_assumption": 18000.0,
    "peace_central_replacement_for500k": 106481.48148148147,
    "war_replacement_for750k_mu105": 226388.88888888888,
    "S2_allies100k_gross_loss_present": 85000.0,
    "S2_central_margin_after_allies100k_loss": -30000,
    "S5_central_margin_after_allies100k_loss": 62500,
    "food500k_plus125k_horses_10kg_assumption_tonnes_day": 2000.0,
    "food500k_plus125k_horses_tonnes_year": 730000.0,
    "fixed_term6_mu025_calls90000": 451306.15638281265,
    "fixed_term6_mu025_calls115000": 576668.9776002606,
    "Brun_15month_arithmetic_residual_not_observed": 90000,
    "Brun_new_over_warehouse_use": 0.1806818181818182,
    "Brun_300k_weapons_months_at8k": 37.5,
    "Brun_300k_weapons_months_at10k": 30.0,
    "Brun_300k_weapons_months_at18k": 16.666666666666668,
    "warning": "All non-source inputs are assumptions; no probabilities, no empirical causality estimated."
  },
  "status": "arithmetic_assertions_passed"
}
Wrote12 annual evidence rows and13 benchmark rows; no annual arrivals invented.
{
  "O10_reported_grand_total": 360603,
  "O10_column_sum": 360573,
  "O10_author_inSpain_total": 324996,
  "O10_author_inSpain_present": 262051,
  "O10_present_ratio": 0.8063206931777622,
  "O10_present_per1000_using1797": 24.85964386858031,
  "joint_budget_rows": 27,
  "S6": [
    {
      "scenario": "S6_lite",
      "present_supply": 595000,
      "supply_status": "lite_same700k_no_free_new_army;others_deliberately_generous1000k",
      "demand_low": 436500,
      "demand_central": 566250,
      "demand_high": 706000,
      "balance_low": 158500,
      "balance_central": 28750,
      "balance_high": -111000,
      "sustainable800k_at85_balance_central": 113750,
      "lite_30k_gross_allied_interruption_balance": 3250,
      "status": "conditional_sensitivity_no_probability"
    },
    {
      "scenario": "S6_max",
      "present_supply": 800000,
      "supply_status": "lite_same700k_no_free_new_army;others_deliberately_generous1000k",
      "demand_low": 729500,
      "demand_central": 922250,
      "demand_high": 1131000,
      "balance_low": 70500,
      "balance_central": -122250,
      "balance_high": -331000,
      "sustainable800k_at85_balance_central": -242250,
      "lite_30k_gross_allied_interruption_balance": "",
      "status": "conditional_sensitivity_no_probability"
    },
    {
      "scenario": "S6_full",
      "present_supply": 800000,
      "supply_status": "lite_same700k_no_free_new_army;others_deliberately_generous1000k",
      "demand_low": 869500,
      "demand_central": 1102250,
      "demand_high": 1351000,
      "balance_low": -69500,
      "balance_central": -302250,
      "balance_high": -551000,
      "sustainable800k_at85_balance_central": -422250,
      "lite_30k_gross_allied_interruption_balance": "",
      "status": "conditional_sensitivity_no_probability"
    }
  ],
  "Oman_present_density_using1797_low": 27.17085620347017,
  "Oman_present_density_using1797_high": 27.645184556893362,
  "Oman_present_density_using11m_low": 26.037636363636363,
  "Oman_present_density_using11m_high": 26.492181818181816,
  "service_regimes": [
    {
      "target_gross": 240000,
      "regime": "fixed6",
      "service_years_parameter": 6,
      "conversion": 0.9,
      "other_permanent_exit": 0.025,
      "calls_needed": 47861,
      "cohort_reference": 300000,
      "cohort_share": 0.15954,
      "cohort_status": "H72_1790_95_oldFrance_reference_not_full_annexed_pool",
      "source": "R18;H72;E97_XVI",
      "interpretation": "model_not_observed;indefinite_length_unestimated"
    },
    {
      "target_gross": 240000,
      "regime": "indefinite_effective8",
      "service_years_parameter": 8,
      "conversion": 0.9,
      "other_permanent_exit": 0.025,
      "calls_needed": 40000,
      "cohort_reference": 300000,
      "cohort_share": 0.13333,
      "cohort_status": "H72_1790_95_oldFrance_reference_not_full_annexed_pool",
      "source": "R18;H72;E97_XVI",
      "interpretation": "model_not_observed;indefinite_length_unestimated"
    },
    {
      "target_gross": 240000,
      "regime": "indefinite_effective10",
      "service_years_parameter": 10,
      "conversion": 0.9,
      "other_permanent_exit": 0.025,
      "calls_needed": 33333,
      "cohort_reference": 300000,
      "cohort_share": 0.11111,
      "cohort_status": "H72_1790_95_oldFrance_reference_not_full_annexed_pool",
      "source": "R18;H72;E97_XVI",
      "interpretation": "model_not_observed;indefinite_length_unestimated"
    },
    {
      "target_gross": 240000,
      "regime": "indefinite_effective12",
      "service_years_parameter": 12,
      "conversion": 0.9,
      "other_permanent_exit": 0.025,
      "calls_needed": 28889,
      "cohort_reference": 300000,
      "cohort_share": 0.0963,
      "cohort_status": "H72_1790_95_oldFrance_reference_not_full_annexed_pool",
      "source": "R18;H72;E97_XVI",
      "interpretation": "model_not_observed;indefinite_length_unestimated"
    },
    {
      "target_gross": 240000,
      "regime": "no_discharge_shortterm_floor",
      "service_years_parameter": "",
      "conversion": 0.9,
      "other_permanent_exit": 0.025,
      "calls_needed": 6667,
      "cohort_reference": 300000,
      "cohort_share": 0.02222,
      "cohort_status": "H72_1790_95_oldFrance_reference_not_full_annexed_pool",
      "source": "R18;H72;E97_XVI",
      "interpretation": "model_not_observed;indefinite_length_unestimated"
    },
    {
      "target_gross": 350000,
      "regime": "fixed6",
      "service_years_parameter": 6,
      "conversion": 0.9,
      "other_permanent_exit": 0.025,
      "calls_needed": 69797,
      "cohort_reference": 300000,
      "cohort_share": 0.23266,
      "cohort_status": "H72_1790_95_oldFrance_reference_not_full_annexed_pool",
      "source": "R18;H72;E97_XVI",
      "interpretation": "model_not_observed;indefinite_length_unestimated"
    },
    {
      "target_gross": 350000,
      "regime": "indefinite_effective8",
      "service_years_parameter": 8,
      "conversion": 0.9,
      "other_permanent_exit": 0.025,
      "calls_needed": 58333,
      "cohort_reference": 300000,
      "cohort_share": 0.19444,
      "cohort_status": "H72_1790_95_oldFrance_reference_not_full_annexed_pool",
      "source": "R18;H72;E97_XVI",
      "interpretation": "model_not_observed;indefinite_length_unestimated"
    },
    {
      "target_gross": 350000,
      "regime": "indefinite_effective10",
      "service_years_parameter": 10,
      "conversion": 0.9,
      "other_permanent_exit": 0.025,
      "calls_needed": 48611,
      "cohort_reference": 300000,
      "cohort_share": 0.16204,
      "cohort_status": "H72_1790_95_oldFrance_reference_not_full_annexed_pool",
      "source": "R18;H72;E97_XVI",
      "interpretation": "model_not_observed;indefinite_length_unestimated"
    },
    {
      "target_gross": 350000,
      "regime": "indefinite_effective12",
      "service_years_parameter": 12,
      "conversion": 0.9,
      "other_permanent_exit": 0.025,
      "calls_needed": 42130,
      "cohort_reference": 300000,
      "cohort_share": 0.14043,
      "cohort_status": "H72_1790_95_oldFrance_reference_not_full_annexed_pool",
      "source": "R18;H72;E97_XVI",
      "interpretation": "model_not_observed;indefinite_length_unestimated"
    },
    {
      "target_gross": 350000,
      "regime": "no_discharge_shortterm_floor",
      "service_years_parameter": "",
      "conversion": 0.9,
      "other_permanent_exit": 0.025,
      "calls_needed": 9722,
      "cohort_reference": 300000,
      "cohort_share": 0.03241,
      "cohort_status": "H72_1790_95_oldFrance_reference_not_full_annexed_pool",
      "source": "R18;H72;E97_XVI",
      "interpretation": "model_not_observed;indefinite_length_unestimated"
    },
    {
      "target_gross": 500000,
      "regime": "fixed6",
      "service_years_parameter": 6,
      "conversion": 0.9,
      "other_permanent_exit": 0.025,
      "calls_needed": 99711,
      "cohort_reference": 300000,
      "cohort_share": 0.33237,
      "cohort_status": "H72_1790_95_oldFrance_reference_not_full_annexed_pool",
      "source": "R18;H72;E97_XVI",
      "interpretation": "model_not_observed;indefinite_length_unestimated"
    },
    {
      "target_gross": 500000,
      "regime": "indefinite_effective8",
      "service_years_parameter": 8,
      "conversion": 0.9,
      "other_permanent_exit": 0.025,
      "calls_needed": 83333,
      "cohort_reference": 300000,
      "cohort_share": 0.27778,
      "cohort_status": "H72_1790_95_oldFrance_reference_not_full_annexed_pool",
      "source": "R18;H72;E97_XVI",
      "interpretation": "model_not_observed;indefinite_length_unestimated"
    },
    {
      "target_gross": 500000,
      "regime": "indefinite_effective10",
      "service_years_parameter": 10,
      "conversion": 0.9,
      "other_permanent_exit": 0.025,
      "calls_needed": 69444,
      "cohort_reference": 300000,
      "cohort_share": 0.23148,
      "cohort_status": "H72_1790_95_oldFrance_reference_not_full_annexed_pool",
      "source": "R18;H72;E97_XVI",
      "interpretation": "model_not_observed;indefinite_length_unestimated"
    },
    {
      "target_gross": 500000,
      "regime": "indefinite_effective12",
      "service_years_parameter": 12,
      "conversion": 0.9,
      "other_permanent_exit": 0.025,
      "calls_needed": 60185,
      "cohort_reference": 300000,
      "cohort_share": 0.20062,
      "cohort_status": "H72_1790_95_oldFrance_reference_not_full_annexed_pool",
      "source": "R18;H72;E97_XVI",
      "interpretation": "model_not_observed;indefinite_length_unestimated"
    },
    {
      "target_gross": 500000,
      "regime": "no_discharge_shortterm_floor",
      "service_years_parameter": "",
      "conversion": 0.9,
      "other_permanent_exit": 0.025,
      "calls_needed": 13889,
      "cohort_reference": 300000,
      "cohort_share": 0.0463,
      "cohort_status": "H72_1790_95_oldFrance_reference_not_full_annexed_pool",
      "source": "R18;H72;E97_XVI",
      "interpretation": "model_not_observed;indefinite_length_unestimated"
    }
  ],
  "maturation60_percent_first_positive_year": 10
}
{
  "regional_rows": 6,
  "levy_batch_rows": 1,
  "service_rows": 5,
  "food_rows": 2,
  "levy_deadline_ratio": 0.5670823099197225,
  "hazard_net_per1000": 0.7895652173913046,
  "fixed_total5_net_per1000": -0.4634193437500005,
  "fixed_total5_calls_per1000_threshold": 2.262071977875593,
  "fixed_total5_rho_threshold": 0.6786215933626779,
  "food_difference_metric_t_day": 250.0,
  "warning": "Arithmetic checks are not historical calibration."
}
{
  "status": "all_checks_passed",
  "checked_file_sha256": {
    "F2_french_army_capacity.md": "c108004fae7ebaf3ae6af0c833f87078af620909fcfe28f70f5f225669bec6a9",
    "F2_refinement.md": "ad767d781f1f0d422564b93feecb6a3b3792add761e7209597f169b3e99689b0",
    "SOURCES.md": "6a9558ae348303d05fc6ab6d5b014da90e87f3fd53e50d182ec4ada7e2301ec2",
    "F2_capacity.csv": "a77325ba54133dd2483ce2bc906f570bf68c7ede6eae570114ee34e0b1e1af53",
    "F2_s6_scenarios.csv": "ee85a51029f3b60358489e6283a354aa6b9f698fab7117dc9e69c325800258b6",
    "F2_joint_budget_manpower.csv": "1021d5d3baeb7e1f54fa99e1f277ccaefdbe5514f19e200a5b4d9f8ebd973521",
    "F2_regional_recruitment_evidence.csv": "7ab4dc6aa640376da6d471b8b40bf0e0f281b72bef700d751ff902a8b90d557d",
    "F2_levy_batch_evidence.csv": "3af2cf97839357335460880311fec4a40a001e440fda435684dbd6e4fb2885c4",
    "F2_service_definition_bridge.csv": "82e8453abc8b9dd413d21d12f011f1513c2ae961cdbded1cc8871ea0c2820c90",
    "F2_food_scope_bridge.csv": "233bede6b9ecac1299267fc1a0730779fc003d6693b6beb03328d397a307e559",
    "F2_round2_checks.json": "756e2ddd9a6f0e67f4ac0c932f5215d714b5026c4864df7ae6ec421fdd8e2201",
    "F2_model.py": "da2a2faa1ee82ff23860ebb34f591094a6f5b8b717c8ca5794b8815bbd17d2f4",
    "F2_build_capacity.py": "cace7a86620675feddc46ae6b30c1ca41e0ce8607a625af5b54f2e63266bb449",
    "F2_integration_model.py": "7ef7b671e0f7a579a34f1eed0967d7a4b0f7be615f2e828a48ee0d142947bd22",
    "F2_round2_interfaces.py": "641e5ea335a99978d57fc7f7e654ca71852dac046552dfc7e5b2bafa2f5b0d06",
    "validate_f2.py": "d0c6cbd8a4e14164526e23b7432c488b74d5f78e737167052f622a0754fbc886",
    "notes_round2_sources.md": "fc8fa442ed3906d49232f4dee2da4fca4ca67b809b3460a554ea69ecfe66b23d"
  },
  "annual_evidence_rows": 12,
  "narrative_timeline_rows": 36,
  "S6_region_rows": 37,
  "maturation_rows": 26,
  "service_rows": 15,
  "joint_budget_rows": 27,
  "peace_model_rows": 82,
  "round2_regional_rows": 6,
  "round2_levy_batch_rows": 1,
  "round2_service_bridge_rows": 5,
  "round2_food_bridge_rows": 2,
  "warning": "Passes establish arithmetic/structure/literal presence only, not causal validity or archival authentication."
}
{
  "status": "all_checks_passed",
  "checked_file_sha256": {
    "F2_french_army_capacity.md": "c108004fae7ebaf3ae6af0c833f87078af620909fcfe28f70f5f225669bec6a9",
    "F2_refinement.md": "ad767d781f1f0d422564b93feecb6a3b3792add761e7209597f169b3e99689b0",
    "SOURCES.md": "9bcc5519ab2ccb19501b703ff56975e272afa024eb853dabc2d88c1d6fd09fe5",
    "F2_capacity.csv": "a77325ba54133dd2483ce2bc906f570bf68c7ede6eae570114ee34e0b1e1af53",
    "F2_s6_scenarios.csv": "ee85a51029f3b60358489e6283a354aa6b9f698fab7117dc9e69c325800258b6",
    "F2_joint_budget_manpower.csv": "1021d5d3baeb7e1f54fa99e1f277ccaefdbe5514f19e200a5b4d9f8ebd973521",
    "F2_regional_recruitment_evidence.csv": "7ab4dc6aa640376da6d471b8b40bf0e0f281b72bef700d751ff902a8b90d557d",
    "F2_levy_batch_evidence.csv": "3af2cf97839357335460880311fec4a40a001e440fda435684dbd6e4fb2885c4",
    "F2_service_definition_bridge.csv": "82e8453abc8b9dd413d21d12f011f1513c2ae961cdbded1cc8871ea0c2820c90",
    "F2_food_scope_bridge.csv": "233bede6b9ecac1299267fc1a0730779fc003d6693b6beb03328d397a307e559",
    "F2_round2_checks.json": "756e2ddd9a6f0e67f4ac0c932f5215d714b5026c4864df7ae6ec421fdd8e2201",
    "F2_model.py": "da2a2faa1ee82ff23860ebb34f591094a6f5b8b717c8ca5794b8815bbd17d2f4",
    "F2_build_capacity.py": "cace7a86620675feddc46ae6b30c1ca41e0ce8607a625af5b54f2e63266bb449",
    "F2_integration_model.py": "7ef7b671e0f7a579a34f1eed0967d7a4b0f7be615f2e828a48ee0d142947bd22",
    "F2_round2_interfaces.py": "641e5ea335a99978d57fc7f7e654ca71852dac046552dfc7e5b2bafa2f5b0d06",
    "validate_f2.py": "d9f5c05ce119689c4080dc4193ba0cde84221abbcbc5456d31f3ed773a19d33f",
    "notes_round2_sources.md": "b2eb5eb3e655f79e44afa03ff8ed9592a3480746d5d4372267e10025dc34d315",
    "F2_round2_changes.md": "42245c269e49a5a8c02ea35bf0e4ea341bf978869c1b0c11d3c43e3ed0ebba16",
    "VALIDATION.md": "1f83b6d5a25ecc93201a2a0b1ec5f611aa4d67c6988c69c186a0ce4cdf3e12f4"
  },
  "annual_evidence_rows": 12,
  "narrative_timeline_rows": 36,
  "S6_region_rows": 37,
  "maturation_rows": 26,
  "service_rows": 15,
  "joint_budget_rows": 27,
  "peace_model_rows": 82,
  "round2_regional_rows": 6,
  "round2_levy_batch_rows": 1,
  "round2_service_bridge_rows": 5,
  "round2_food_bridge_rows": 2,
  "warning": "Passes establish arithmetic/structure/literal presence only, not causal validity or archival authentication."
}
